<html>
<body>
<pre>
<h1>µVision Build Log</h1>
<h2>Tool Versions:</h2>
IDE-Version: µVision V5.36.0.0
Copyright (C) 2021 ARM Ltd and ARM Germany GmbH. All rights reserved.
License Information: Noah Maceri, Kettering University, LIC=W96CK-Z3TTS-689FC-75WB5-YASN9-3IDG9
 
Tool Versions:
Toolchain:       MDK-ARM Professional  Version: 5.36.0.0
Toolchain Path:  C:\Keil_v5\ARM\ARMCLANG\Bin
C Compiler:      ArmClang.exe V6.16
Assembler:       Armasm.exe V6.16
Linker/Locator:  ArmLink.exe V6.16
Library Manager: ArmAr.exe V6.16
Hex Converter:   FromElf.exe V6.16
CPU DLL:         SARMCM3.DLL V5.36.0.0
Dialog DLL:      DARMCM1.DLL V1.19.4.0
Target DLL:      CMSIS_AGDI.dll V1.33.0.0
Dialog DLL:      TARMCM1.DLL V1.14.4.0
 
<h2>Project:</h2>
G:\My Drive\CE-426\Final\pico-mdk-RTX\project\mdk\template.uvprojx
Project File Date:  03/21/2022

<h2>Output:</h2>
*** Using Compiler 'V6.16', folder: 'C:\Keil_v5\ARM\ARMCLANG\Bin'
Rebuild target 'AC6-flash'
compiling startup_RP2040.c...
compiling system_RP2040.c...
compiling clocks.c...
compiling watchdog.c...
compiling pll.c...
compiling platform.c...
compiling xosc.c...
compiling irq.c...
assembling irq_handler_chain.S...
compiling gpio.c...
compiling critical_section.c...
compiling lock_core.c...
compiling sem.c...
compiling time.c...
compiling timeout_helper.c...
compiling timer.c...
compiling claim.c...
compiling pheap.c...
compiling stdlib.c...
compiling uart.c...
compiling runtime.c...
compiling i2c.c...
compiling spi.c...
compiling adc.c...
compiling bootrom.c...
compiling stdio_uart.c...
compiling mutex_pico.c...
compiling sync.c...
assembling compile_time_choice.S...
compiling env_wrapper.c...
compiling stdio.c...
compiling main.c...
compiling LCD_1in3.c...
compiling DEV_Config.c...
compiling font16.c...
compiling font20.c...
compiling font24.c...
compiling GUI_Paint.c...
assembling irq_armv6m.S...
compiling rtx_delay.c...
compiling rtx_evflags.c...
compiling rtx_evr.c...
compiling rtx_kernel.c...
compiling rtx_lib.c...
compiling rtx_memory.c...
compiling rtx_mempool.c...
compiling rtx_msgqueue.c...
compiling rtx_mutex.c...
compiling rtx_semaphore.c...
compiling rtx_system.c...
compiling rtx_thread.c...
compiling rtx_timer.c...
compiling os_systick.c...
compiling RTX_Config.c...
compiling EventRecorder.c...
compiling retarget_io.c...
compiling perf_os_patch_rtx5.c...
linking...
Program Size: Code=34480 RO-data=15720 RW-data=480 ZI-data=188296  
After Build - User command #1: .\axf2uf2.bat
G:\My Drive\CE-426\Final\pico-mdk-RTX\project\mdk>"..\..\tool\elf2uf2.exe" .\Objects\template.axf .\template.uf2 
".\Objects\template.axf" - 0 Error(s), 0 Warning(s).

<h2>Software Packages used:</h2>

Package Vendor: ARM
                http://www.keil.com/pack/ARM.CMSIS.5.8.0.pack
                ARM.CMSIS.5.8.0
                CMSIS (Common Microcontroller Software Interface Standard)
   * Component: RTOS2 Version: 2.1.3
   * Component: CORE Version: 5.5.0
   * Component: Keil RTX5 Variant: Source Version: 5.5.3

Package Vendor: GorgonMeducer
                https://raw.githubusercontent.com/GorgonMeducer/perf_counter/CMSIS-Pack/cmsis-pack/GorgonMeducer.perf_counter.1.9.3.pack
                GorgonMeducer.perf_counter.1.9.3
                A dedicated performance counter for the Cortex-M Systick. It shares the SysTick with users' original SysTick function without interfering with it. This library will bring new functionalities, such as performance counter, delay_us and clock() service defined in time.h
   * Component: Core Variant: Library Version: 1.9.3
   * Component: RTX5 Patch Version: 1.9.3

Package Vendor: Keil
                http://www.keil.com/pack/Keil.ARM_Compiler.1.7.0.pack
                Keil.ARM_Compiler.1.7.0
                Keil ARM Compiler extensions for ARM Compiler 5 and ARM Compiler 6
   * Component: Event Recorder Variant: DAP Version: 1.5.0
   * Component: STDERR Variant: Breakpoint Version: 1.2.0
   * Component: STDOUT Variant: EVR Version: 1.2.0

<h2>Collection of Component include folders:</h2>
  .\RTE\CMSIS
  .\RTE\Compiler
  .\RTE\_AC6-flash
  C:\Users\noahm\AppData\Local\Arm\Packs\ARM\CMSIS\5.8.0\CMSIS\Core\Include
  C:\Users\noahm\AppData\Local\Arm\Packs\ARM\CMSIS\5.8.0\CMSIS\RTOS2\Include
  C:\Users\noahm\AppData\Local\Arm\Packs\ARM\CMSIS\5.8.0\CMSIS\RTOS2\RTX\Include
  C:\Users\noahm\AppData\Local\Arm\Packs\ARM\CMSIS\5.8.0\Device\ARM\ARMCM0plus\Include
  C:\Users\noahm\AppData\Local\Arm\Packs\GorgonMeducer\perf_counter\1.9.3\lib
  C:\Users\noahm\AppData\Local\Arm\Packs\Keil\ARM_Compiler\1.7.0\Include

<h2>Collection of Component Files used:</h2>

   * Component: ::CMSIS:RTOS2:2.1.3 (API)
      Include file:  CMSIS\RTOS2\Include\cmsis_os2.h

   * Component: ARM::CMSIS:CORE:5.5.0

   * Component: ARM::CMSIS:RTOS2:Keil RTX5:Source:5.5.3
      Include file:  CMSIS\RTOS2\RTX\Include\rtx_os.h
      Include file:  CMSIS\RTOS2\RTX\Config\RTX_Config.h
      Source file:   CMSIS\RTOS2\RTX\Config\RTX_Config.c
      Source file:   CMSIS\RTOS2\RTX\Template\main.c
      Source file:   CMSIS\RTOS2\RTX\Template\Events.c
      Source file:   CMSIS\RTOS2\RTX\Template\MemPool.c
      Source file:   CMSIS\RTOS2\RTX\Template\Thread.c
      Source file:   CMSIS\RTOS2\RTX\Source\rtx_delay.c
      Source file:   CMSIS\RTOS2\RTX\Source\GCC\irq_armv6m.S
      Source file:   CMSIS\RTOS2\RTX\Source\rtx_system.c
      Source file:   CMSIS\RTOS2\RTX\Template\Semaphore.c
      Source file:   CMSIS\RTOS2\RTX\Source\rtx_mutex.c
      Source file:   CMSIS\RTOS2\RTX\Source\rtx_evr.c
      Source file:   CMSIS\RTOS2\RTX\Source\rtx_kernel.c
      Source file:   CMSIS\RTOS2\RTX\Source\rtx_evflags.c
      Source file:   CMSIS\RTOS2\RTX\Source\rtx_timer.c
      Source file:   CMSIS\RTOS2\RTX\Template\Mutex.c
      Source file:   CMSIS\RTOS2\RTX\Template\Timer.c
      Source file:   CMSIS\RTOS2\RTX\Template\MsgQueue.c
      Source file:   CMSIS\RTOS2\RTX\Source\rtx_thread.c
      Source file:   CMSIS\RTOS2\RTX\Source\rtx_msgqueue.c
      Source file:   CMSIS\RTOS2\RTX\Source\rtx_semaphore.c
      Source file:   CMSIS\RTOS2\RTX\Source\rtx_memory.c
      Source file:   CMSIS\RTOS2\RTX\Template\svc_user.c
      Source file:   CMSIS\RTOS2\RTX\Source\rtx_lib.c
      Source file:   CMSIS\RTOS2\RTX\Source\rtx_mempool.c
      Source file:   CMSIS\RTOS2\Source\os_systick.c

   * Component: GorgonMeducer.Performance Counter::Utilities:perf_counter:Core:Library:1.9.3
      Include file:  lib\perf_counter.h
      Library file:  lib\perf_counter.lib

   * Component: GorgonMeducer.Performance Counter::Utilities:perf_counter:RTX5 Patch:1.9.3
      Source file:   lib\perf_os_patch_rtx5.c

   * Component: Keil.ARM Compiler::Compiler:Event Recorder:DAP:1.5.0
      Source file:   Source\EventRecorder.c
      Include file:  Config\EventRecorderConf.h
      Include file:  Include\EventRecorder.h

   * Component: Keil.ARM Compiler::Compiler:I/O:STDERR:Breakpoint:1.2.0
      Source file:   Source\retarget_io.c

   * Component: Keil.ARM Compiler::Compiler:I/O:STDOUT:EVR:1.2.0
      Source file:   Source\retarget_io.c
Build Time Elapsed:  00:00:33
</pre>
</body>
</html>
